<?xml version="1.0"?>
<link_info>
   <banner>TMS320C6x Linker PC v7.4.4</banner>
   <copyright>Copyright (c) 1996-2013 Texas Instruments Incorporated</copyright>
   <link_time>0x64311c4c</link_time>
   <output_file>GE.out</output_file>
   <entry_point>
      <name>_c_int00</name>
      <address>0xc0812c0</address>
   </entry_point>
   <input_file_list>
      <input_file id="fl-2">
         <path>.\src\</path>
         <kind>object</kind>
         <file>common_test.obj</file>
         <name>common_test.obj</name>
      </input_file>
      <input_file id="fl-3">
         <path>.\src\</path>
         <kind>object</kind>
         <file>Keystone_Serdes_init.obj</file>
         <name>Keystone_Serdes_init.obj</name>
      </input_file>
      <input_file id="fl-4">
         <path>.\src\</path>
         <kind>object</kind>
         <file>KeyStone_common.obj</file>
         <name>KeyStone_common.obj</name>
      </input_file>
      <input_file id="fl-5">
         <path>.\src\</path>
         <kind>object</kind>
         <file>KeyStone_Navigator_init_drv.obj</file>
         <name>KeyStone_Navigator_init_drv.obj</name>
      </input_file>
      <input_file id="fl-6">
         <path>.\src\</path>
         <kind>object</kind>
         <file>KeyStone_GE_Init_drv.obj</file>
         <name>KeyStone_GE_Init_drv.obj</name>
      </input_file>
      <input_file id="fl-7">
         <path>.\src\</path>
         <kind>object</kind>
         <file>KeyStone_DDR_Init.obj</file>
         <name>KeyStone_DDR_Init.obj</name>
      </input_file>
      <input_file id="fl-8">
         <path>.\src\</path>
         <kind>object</kind>
         <file>GE_vectors.obj</file>
         <name>GE_vectors.obj</name>
      </input_file>
      <input_file id="fl-9">
         <path>.\src\</path>
         <kind>object</kind>
         <file>GE_loopback_Test.obj</file>
         <name>GE_loopback_Test.obj</name>
      </input_file>
      <input_file id="fl-a">
         <path>.\src\</path>
         <kind>object</kind>
         <file>GE_debug.obj</file>
         <name>GE_debug.obj</name>
      </input_file>
      <input_file id="fl-b">
         <path>.\src\</path>
         <kind>object</kind>
         <file>GE_Test.obj</file>
         <name>GE_Test.obj</name>
      </input_file>
      <input_file id="fl-c">
         <path>.\src\</path>
         <kind>object</kind>
         <file>GE_PktDMA_Init.obj</file>
         <name>GE_PktDMA_Init.obj</name>
      </input_file>
      <input_file id="fl-d">
         <path>.\src\</path>
         <kind>object</kind>
         <file>GE_Interrupts.obj</file>
         <name>GE_Interrupts.obj</name>
      </input_file>
      <input_file id="fl-e">
         <path>.\src\</path>
         <kind>object</kind>
         <file>GE_2DSP_Test.obj</file>
         <name>GE_2DSP_Test.obj</name>
      </input_file>
      <input_file id="fl-8a">
         <path>C:\ti\ccsv5\tools\compiler\c6000_7.4.4\lib\</path>
         <kind>archive</kind>
         <file>rts6600_elf.lib</file>
         <name>boot.obj</name>
      </input_file>
      <input_file id="fl-8b">
         <path>C:\ti\ccsv5\tools\compiler\c6000_7.4.4\lib\</path>
         <kind>archive</kind>
         <file>rts6600_elf.lib</file>
         <name>copy_decompress_none.obj</name>
      </input_file>
      <input_file id="fl-8c">
         <path>C:\ti\ccsv5\tools\compiler\c6000_7.4.4\lib\</path>
         <kind>archive</kind>
         <file>rts6600_elf.lib</file>
         <name>copy_decompress_rle.obj</name>
      </input_file>
      <input_file id="fl-8d">
         <path>C:\ti\ccsv5\tools\compiler\c6000_7.4.4\lib\</path>
         <kind>archive</kind>
         <file>rts6600_elf.lib</file>
         <name>copy_zero_init.obj</name>
      </input_file>
      <input_file id="fl-8e">
         <path>C:\ti\ccsv5\tools\compiler\c6000_7.4.4\lib\</path>
         <kind>archive</kind>
         <file>rts6600_elf.lib</file>
         <name>divd.obj</name>
      </input_file>
      <input_file id="fl-8f">
         <path>C:\ti\ccsv5\tools\compiler\c6000_7.4.4\lib\</path>
         <kind>archive</kind>
         <file>rts6600_elf.lib</file>
         <name>divf.obj</name>
      </input_file>
      <input_file id="fl-90">
         <path>C:\ti\ccsv5\tools\compiler\c6000_7.4.4\lib\</path>
         <kind>archive</kind>
         <file>rts6600_elf.lib</file>
         <name>divu.obj</name>
      </input_file>
      <input_file id="fl-91">
         <path>C:\ti\ccsv5\tools\compiler\c6000_7.4.4\lib\</path>
         <kind>archive</kind>
         <file>rts6600_elf.lib</file>
         <name>exit.obj</name>
      </input_file>
      <input_file id="fl-92">
         <path>C:\ti\ccsv5\tools\compiler\c6000_7.4.4\lib\</path>
         <kind>archive</kind>
         <file>rts6600_elf.lib</file>
         <name>fixdu.obj</name>
      </input_file>
      <input_file id="fl-93">
         <path>C:\ti\ccsv5\tools\compiler\c6000_7.4.4\lib\</path>
         <kind>archive</kind>
         <file>rts6600_elf.lib</file>
         <name>fixfu.obj</name>
      </input_file>
      <input_file id="fl-94">
         <path>C:\ti\ccsv5\tools\compiler\c6000_7.4.4\lib\</path>
         <kind>archive</kind>
         <file>rts6600_elf.lib</file>
         <name>fputs.obj</name>
      </input_file>
      <input_file id="fl-95">
         <path>C:\ti\ccsv5\tools\compiler\c6000_7.4.4\lib\</path>
         <kind>archive</kind>
         <file>rts6600_elf.lib</file>
         <name>frcmpyd_div.obj</name>
      </input_file>
      <input_file id="fl-96">
         <path>C:\ti\ccsv5\tools\compiler\c6000_7.4.4\lib\</path>
         <kind>archive</kind>
         <file>rts6600_elf.lib</file>
         <name>imath64.obj</name>
      </input_file>
      <input_file id="fl-97">
         <path>C:\ti\ccsv5\tools\compiler\c6000_7.4.4\lib\</path>
         <kind>archive</kind>
         <file>rts6600_elf.lib</file>
         <name>llshift.obj</name>
      </input_file>
      <input_file id="fl-98">
         <path>C:\ti\ccsv5\tools\compiler\c6000_7.4.4\lib\</path>
         <kind>archive</kind>
         <file>rts6600_elf.lib</file>
         <name>lowlev.obj</name>
      </input_file>
      <input_file id="fl-99">
         <path>C:\ti\ccsv5\tools\compiler\c6000_7.4.4\lib\</path>
         <kind>archive</kind>
         <file>rts6600_elf.lib</file>
         <name>memcpy64.obj</name>
      </input_file>
      <input_file id="fl-9a">
         <path>C:\ti\ccsv5\tools\compiler\c6000_7.4.4\lib\</path>
         <kind>archive</kind>
         <file>rts6600_elf.lib</file>
         <name>memset.obj</name>
      </input_file>
      <input_file id="fl-9b">
         <path>C:\ti\ccsv5\tools\compiler\c6000_7.4.4\lib\</path>
         <kind>archive</kind>
         <file>rts6600_elf.lib</file>
         <name>negll.obj</name>
      </input_file>
      <input_file id="fl-9c">
         <path>C:\ti\ccsv5\tools\compiler\c6000_7.4.4\lib\</path>
         <kind>archive</kind>
         <file>rts6600_elf.lib</file>
         <name>printf.obj</name>
      </input_file>
      <input_file id="fl-9d">
         <path>C:\ti\ccsv5\tools\compiler\c6000_7.4.4\lib\</path>
         <kind>archive</kind>
         <file>rts6600_elf.lib</file>
         <name>strasg.obj</name>
      </input_file>
      <input_file id="fl-9e">
         <path>C:\ti\ccsv5\tools\compiler\c6000_7.4.4\lib\</path>
         <kind>archive</kind>
         <file>rts6600_elf.lib</file>
         <name>trgdrv.obj</name>
      </input_file>
      <input_file id="fl-9f">
         <path>C:\ti\ccsv5\tools\compiler\c6000_7.4.4\lib\</path>
         <kind>archive</kind>
         <file>rts6600_elf.lib</file>
         <name>trgmsg.obj</name>
      </input_file>
      <input_file id="fl-a0">
         <path>C:\ti\ccsv5\tools\compiler\c6000_7.4.4\lib\</path>
         <kind>archive</kind>
         <file>rts6600_elf.lib</file>
         <name>_io_perm.obj</name>
      </input_file>
      <input_file id="fl-a1">
         <path>C:\ti\ccsv5\tools\compiler\c6000_7.4.4\lib\</path>
         <kind>archive</kind>
         <file>rts6600_elf.lib</file>
         <name>_lock.obj</name>
      </input_file>
      <input_file id="fl-a2">
         <path>C:\ti\ccsv5\tools\compiler\c6000_7.4.4\lib\</path>
         <kind>archive</kind>
         <file>rts6600_elf.lib</file>
         <name>_printfi.obj</name>
      </input_file>
      <input_file id="fl-a3">
         <path>C:\ti\ccsv5\tools\compiler\c6000_7.4.4\lib\</path>
         <kind>archive</kind>
         <file>rts6600_elf.lib</file>
         <name>abs.obj</name>
      </input_file>
      <input_file id="fl-a4">
         <path>C:\ti\ccsv5\tools\compiler\c6000_7.4.4\lib\</path>
         <kind>archive</kind>
         <file>rts6600_elf.lib</file>
         <name>args_main.obj</name>
      </input_file>
      <input_file id="fl-a5">
         <path>C:\ti\ccsv5\tools\compiler\c6000_7.4.4\lib\</path>
         <kind>archive</kind>
         <file>rts6600_elf.lib</file>
         <name>atoi.obj</name>
      </input_file>
      <input_file id="fl-a6">
         <path>C:\ti\ccsv5\tools\compiler\c6000_7.4.4\lib\</path>
         <kind>archive</kind>
         <file>rts6600_elf.lib</file>
         <name>autoinit.obj</name>
      </input_file>
      <input_file id="fl-a7">
         <path>C:\ti\ccsv5\tools\compiler\c6000_7.4.4\lib\</path>
         <kind>archive</kind>
         <file>rts6600_elf.lib</file>
         <name>cpp_init.obj</name>
      </input_file>
      <input_file id="fl-a8">
         <path>C:\ti\ccsv5\tools\compiler\c6000_7.4.4\lib\</path>
         <kind>archive</kind>
         <file>rts6600_elf.lib</file>
         <name>cpy_tbl.obj</name>
      </input_file>
      <input_file id="fl-a9">
         <path>C:\ti\ccsv5\tools\compiler\c6000_7.4.4\lib\</path>
         <kind>archive</kind>
         <file>rts6600_elf.lib</file>
         <name>ctype.obj</name>
      </input_file>
      <input_file id="fl-aa">
         <path>C:\ti\ccsv5\tools\compiler\c6000_7.4.4\lib\</path>
         <kind>archive</kind>
         <file>rts6600_elf.lib</file>
         <name>defs.obj</name>
      </input_file>
      <input_file id="fl-ab">
         <path>C:\ti\ccsv5\tools\compiler\c6000_7.4.4\lib\</path>
         <kind>archive</kind>
         <file>rts6600_elf.lib</file>
         <name>fflush.obj</name>
      </input_file>
      <input_file id="fl-ac">
         <path>C:\ti\ccsv5\tools\compiler\c6000_7.4.4\lib\</path>
         <kind>archive</kind>
         <file>rts6600_elf.lib</file>
         <name>fputc.obj</name>
      </input_file>
      <input_file id="fl-ad">
         <path>C:\ti\ccsv5\tools\compiler\c6000_7.4.4\lib\</path>
         <kind>archive</kind>
         <file>rts6600_elf.lib</file>
         <name>fseek.obj</name>
      </input_file>
      <input_file id="fl-ae">
         <path>C:\ti\ccsv5\tools\compiler\c6000_7.4.4\lib\</path>
         <kind>archive</kind>
         <file>rts6600_elf.lib</file>
         <name>imath40.obj</name>
      </input_file>
      <input_file id="fl-af">
         <path>C:\ti\ccsv5\tools\compiler\c6000_7.4.4\lib\</path>
         <kind>archive</kind>
         <file>rts6600_elf.lib</file>
         <name>isinf.obj</name>
      </input_file>
      <input_file id="fl-b0">
         <path>C:\ti\ccsv5\tools\compiler\c6000_7.4.4\lib\</path>
         <kind>archive</kind>
         <file>rts6600_elf.lib</file>
         <name>ltoa.obj</name>
      </input_file>
      <input_file id="fl-b1">
         <path>C:\ti\ccsv5\tools\compiler\c6000_7.4.4\lib\</path>
         <kind>archive</kind>
         <file>rts6600_elf.lib</file>
         <name>memccpy.obj</name>
      </input_file>
      <input_file id="fl-b2">
         <path>C:\ti\ccsv5\tools\compiler\c6000_7.4.4\lib\</path>
         <kind>archive</kind>
         <file>rts6600_elf.lib</file>
         <name>setvbuf.obj</name>
      </input_file>
      <input_file id="fl-b3">
         <path>C:\ti\ccsv5\tools\compiler\c6000_7.4.4\lib\</path>
         <kind>archive</kind>
         <file>rts6600_elf.lib</file>
         <name>tls.obj</name>
      </input_file>
      <input_file id="fl-b4">
         <path>C:\ti\ccsv5\tools\compiler\c6000_7.4.4\lib\</path>
         <kind>archive</kind>
         <file>rts6600_elf.lib</file>
         <name>tls_get_tp.obj</name>
      </input_file>
      <input_file id="fl-b5">
         <path>C:\ti\ccsv5\tools\compiler\c6000_7.4.4\lib\</path>
         <kind>archive</kind>
         <file>rts6600_elf.lib</file>
         <name>fopen.obj</name>
      </input_file>
      <input_file id="fl-b6">
         <path>C:\ti\ccsv5\tools\compiler\c6000_7.4.4\lib\</path>
         <kind>archive</kind>
         <file>rts6600_elf.lib</file>
         <name>memory.obj</name>
      </input_file>
      <input_file id="fl-b7">
         <path>C:\ti\ccsv5\tools\compiler\c6000_7.4.4\lib\</path>
         <kind>archive</kind>
         <file>rts6600_elf.lib</file>
         <name>fclose.obj</name>
      </input_file>
      <input_file id="fl-b8">
         <path>C:\ti\ccsv5\tools\compiler\c6000_7.4.4\lib\</path>
         <kind>archive</kind>
         <file>rts6600_elf.lib</file>
         <name>remove.obj</name>
      </input_file>
   </input_file_list>
   <object_component_list>
      <object_component id="oc-29">
         <name>vecs</name>
         <load_address>0x800000</load_address>
         <run_address>0x800000</run_address>
         <size>0x200</size>
         <input_file_ref idref="fl-8"/>
      </object_component>
      <object_component id="oc-61">
         <name>.text</name>
         <load_address>0xc068000</load_address>
         <run_address>0xc068000</run_address>
         <size>0x6a40</size>
         <input_file_ref idref="fl-4"/>
      </object_component>
      <object_component id="oc-113">
         <name>.text</name>
         <load_address>0xc06ea40</load_address>
         <run_address>0xc06ea40</run_address>
         <size>0x2400</size>
         <input_file_ref idref="fl-7"/>
      </object_component>
      <object_component id="oc-6c">
         <name>.text</name>
         <load_address>0xc070e40</load_address>
         <run_address>0xc070e40</run_address>
         <size>0x1ee0</size>
         <input_file_ref idref="fl-6"/>
      </object_component>
      <object_component id="oc-194">
         <name>.text</name>
         <load_address>0xc072d20</load_address>
         <run_address>0xc072d20</run_address>
         <size>0x1c20</size>
         <input_file_ref idref="fl-2"/>
      </object_component>
      <object_component id="oc-178">
         <name>.text</name>
         <load_address>0xc074940</load_address>
         <run_address>0xc074940</run_address>
         <size>0x1260</size>
         <input_file_ref idref="fl-5"/>
      </object_component>
      <object_component id="oc-6b">
         <name>.text</name>
         <load_address>0xc075ba0</load_address>
         <run_address>0xc075ba0</run_address>
         <size>0x1000</size>
         <input_file_ref idref="fl-a"/>
      </object_component>
      <object_component id="oc-111">
         <name>.text</name>
         <load_address>0xc076ba0</load_address>
         <run_address>0xc076ba0</run_address>
         <size>0xf40</size>
         <input_file_ref idref="fl-9"/>
      </object_component>
      <object_component id="oc-80">
         <name>.text</name>
         <load_address>0xc077ae0</load_address>
         <run_address>0xc077ae0</run_address>
         <size>0xde0</size>
         <input_file_ref idref="fl-b"/>
      </object_component>
      <object_component id="oc-f1">
         <name>.text</name>
         <load_address>0xc0788c0</load_address>
         <run_address>0xc0788c0</run_address>
         <size>0xcc0</size>
         <input_file_ref idref="fl-3"/>
      </object_component>
      <object_component id="oc-2a">
         <name>.text:retain</name>
         <load_address>0xc079580</load_address>
         <run_address>0xc079580</run_address>
         <size>0x6a0</size>
         <input_file_ref idref="fl-d"/>
      </object_component>
      <object_component id="oc-112">
         <name>.text</name>
         <load_address>0xc079c20</load_address>
         <run_address>0xc079c20</run_address>
         <size>0x660</size>
         <input_file_ref idref="fl-e"/>
      </object_component>
      <object_component id="oc-18c">
         <name>.text:__c6xabi_divd</name>
         <load_address>0xc07a280</load_address>
         <run_address>0xc07a280</run_address>
         <size>0x5c0</size>
         <input_file_ref idref="fl-8e"/>
      </object_component>
      <object_component id="oc-201">
         <name>.text:_getarg_diouxp</name>
         <load_address>0xc07a840</load_address>
         <run_address>0xc07a840</run_address>
         <size>0x5c0</size>
         <input_file_ref idref="fl-a2"/>
      </object_component>
      <object_component id="oc-e0">
         <name>.text:Core_MPAX</name>
         <load_address>0xc07ae00</load_address>
         <run_address>0xc07ae00</run_address>
         <size>0x520</size>
         <input_file_ref idref="fl-4"/>
      </object_component>
      <object_component id="oc-27">
         <name>.text:retain</name>
         <load_address>0xc07b320</load_address>
         <run_address>0xc07b320</run_address>
         <size>0x4e0</size>
         <input_file_ref idref="fl-4"/>
      </object_component>
      <object_component id="oc-e5">
         <name>.text</name>
         <load_address>0xc07b800</load_address>
         <run_address>0xc07b800</run_address>
         <size>0x4a0</size>
         <input_file_ref idref="fl-c"/>
      </object_component>
      <object_component id="oc-af">
         <name>.text:_printfi</name>
         <load_address>0xc07bca0</load_address>
         <run_address>0xc07bca0</run_address>
         <size>0x460</size>
         <input_file_ref idref="fl-a2"/>
      </object_component>
      <object_component id="oc-134">
         <name>.text:_setfield</name>
         <load_address>0xc07c100</load_address>
         <run_address>0xc07c100</run_address>
         <size>0x460</size>
         <input_file_ref idref="fl-a2"/>
      </object_component>
      <object_component id="oc-b6">
         <name>.text:fputs</name>
         <load_address>0xc07c560</load_address>
         <run_address>0xc07c560</run_address>
         <size>0x3a0</size>
         <input_file_ref idref="fl-94"/>
      </object_component>
      <object_component id="oc-6a">
         <name>.text</name>
         <load_address>0xc07c900</load_address>
         <run_address>0xc07c900</run_address>
         <size>0x380</size>
         <input_file_ref idref="fl-d"/>
      </object_component>
      <object_component id="oc-1a4">
         <name>.text:_pproc_fge</name>
         <load_address>0xc07cc80</load_address>
         <run_address>0xc07cc80</run_address>
         <size>0x320</size>
         <input_file_ref idref="fl-a2"/>
      </object_component>
      <object_component id="oc-130">
         <name>.text:_pproc_fwp</name>
         <load_address>0xc07cfa0</load_address>
         <run_address>0xc07cfa0</run_address>
         <size>0x2e0</size>
         <input_file_ref idref="fl-a2"/>
      </object_component>
      <object_component id="oc-253">
         <name>.text:fcvt</name>
         <load_address>0xc07d280</load_address>
         <run_address>0xc07d280</run_address>
         <size>0x2a0</size>
         <input_file_ref idref="fl-a2"/>
      </object_component>
      <object_component id="oc-d4">
         <name>.text:__c6xabi_divf</name>
         <load_address>0xc07d520</load_address>
         <run_address>0xc07d520</run_address>
         <size>0x280</size>
         <input_file_ref idref="fl-8f"/>
      </object_component>
      <object_component id="oc-246">
         <name>.text:ecvt</name>
         <load_address>0xc07d7a0</load_address>
         <run_address>0xc07d7a0</run_address>
         <size>0x280</size>
         <input_file_ref idref="fl-a2"/>
      </object_component>
      <object_component id="oc-226">
         <name>.text:free</name>
         <load_address>0xc07da20</load_address>
         <run_address>0xc07da20</run_address>
         <size>0x280</size>
         <input_file_ref idref="fl-b6"/>
      </object_component>
      <object_component id="oc-cc">
         <name>.text:__c6xabi_divull</name>
         <load_address>0xc07dca0</load_address>
         <run_address>0xc07dca0</run_address>
         <size>0x240</size>
         <input_file_ref idref="fl-96"/>
      </object_component>
      <object_component id="oc-1fc">
         <name>.text:_pconv_e</name>
         <load_address>0xc07dee0</load_address>
         <run_address>0xc07dee0</run_address>
         <size>0x240</size>
         <input_file_ref idref="fl-a2"/>
      </object_component>
      <object_component id="oc-1a8">
         <name>.text:_pproc_diouxp</name>
         <load_address>0xc07e120</load_address>
         <run_address>0xc07e120</run_address>
         <size>0x240</size>
         <input_file_ref idref="fl-a2"/>
      </object_component>
      <object_component id="oc-138">
         <name>.text:_pproc_str</name>
         <load_address>0xc07e360</load_address>
         <run_address>0xc07e360</run_address>
         <size>0x220</size>
         <input_file_ref idref="fl-a2"/>
      </object_component>
      <object_component id="oc-127">
         <name>.text:fputc</name>
         <load_address>0xc07e580</load_address>
         <run_address>0xc07e580</run_address>
         <size>0x220</size>
         <input_file_ref idref="fl-ac"/>
      </object_component>
      <object_component id="oc-1f4">
         <name>.text:_pconv_g</name>
         <load_address>0xc07e7a0</load_address>
         <run_address>0xc07e7a0</run_address>
         <size>0x200</size>
         <input_file_ref idref="fl-a2"/>
      </object_component>
      <object_component id="oc-1bf">
         <name>.text:setvbuf</name>
         <load_address>0xc07e9a0</load_address>
         <run_address>0xc07e9a0</run_address>
         <size>0x200</size>
         <input_file_ref idref="fl-b2"/>
      </object_component>
      <object_component id="oc-24e">
         <name>.text:_mcpy</name>
         <load_address>0xc07eba0</load_address>
         <run_address>0xc07eba0</run_address>
         <size>0x1c0</size>
         <input_file_ref idref="fl-a2"/>
      </object_component>
      <object_component id="oc-2a4">
         <name>.text:HOSTrename</name>
         <load_address>0xc07ed60</load_address>
         <run_address>0xc07ed60</run_address>
         <size>0x1a0</size>
         <input_file_ref idref="fl-9e"/>
      </object_component>
      <object_component id="oc-2b7">
         <name>.text:__c6xabi_divul</name>
         <load_address>0xc07ef00</load_address>
         <run_address>0xc07ef00</run_address>
         <size>0x1a0</size>
         <input_file_ref idref="fl-ae"/>
      </object_component>
      <object_component id="oc-4c">
         <name>.text:__TI_decompress_rle_core</name>
         <load_address>0xc07f0a0</load_address>
         <run_address>0xc07f0a0</run_address>
         <size>0x180</size>
         <input_file_ref idref="fl-8c"/>
      </object_component>
      <object_component id="oc-22a">
         <name>.text:malloc</name>
         <load_address>0xc07f220</load_address>
         <run_address>0xc07f220</run_address>
         <size>0x180</size>
         <input_file_ref idref="fl-b6"/>
      </object_component>
      <object_component id="oc-12c">
         <name>.text:_pproc_fflags</name>
         <load_address>0xc07f3a0</load_address>
         <run_address>0xc07f3a0</run_address>
         <size>0x140</size>
         <input_file_ref idref="fl-a2"/>
      </object_component>
      <object_component id="oc-2e5">
         <name>.text:getdevice</name>
         <load_address>0xc07f4e0</load_address>
         <run_address>0xc07f4e0</run_address>
         <size>0x140</size>
         <input_file_ref idref="fl-98"/>
      </object_component>
      <object_component id="oc-275">
         <name>.text:_closefile</name>
         <load_address>0xc07f620</load_address>
         <run_address>0xc07f620</run_address>
         <size>0x120</size>
         <input_file_ref idref="fl-b7"/>
      </object_component>
      <object_component id="oc-209">
         <name>.text:_ltostr</name>
         <load_address>0xc07f740</load_address>
         <run_address>0xc07f740</run_address>
         <size>0x120</size>
         <input_file_ref idref="fl-a2"/>
      </object_component>
      <object_component id="oc-1bb">
         <name>.text:fseek</name>
         <load_address>0xc07f860</load_address>
         <run_address>0xc07f860</run_address>
         <size>0x120</size>
         <input_file_ref idref="fl-ad"/>
      </object_component>
      <object_component id="oc-29c">
         <name>.text:HOSTlseek</name>
         <load_address>0xc07f980</load_address>
         <run_address>0xc07f980</run_address>
         <size>0x100</size>
         <input_file_ref idref="fl-9e"/>
      </object_component>
      <object_component id="oc-2f">
         <name>.text:_auto_init_elf</name>
         <load_address>0xc07fa80</load_address>
         <run_address>0xc07fa80</run_address>
         <size>0x100</size>
         <input_file_ref idref="fl-a6"/>
      </object_component>
      <object_component id="oc-14a">
         <name>.text:_wrt_ok</name>
         <load_address>0xc07fb80</load_address>
         <run_address>0xc07fb80</run_address>
         <size>0x100</size>
         <input_file_ref idref="fl-a0"/>
      </object_component>
      <object_component id="oc-73">
         <name>.text:copy_in</name>
         <load_address>0xc07fc80</load_address>
         <run_address>0xc07fc80</run_address>
         <size>0x100</size>
         <input_file_ref idref="fl-a8"/>
      </object_component>
      <object_component id="oc-28c">
         <name>.text:HOSTopen</name>
         <load_address>0xc07fd80</load_address>
         <run_address>0xc07fd80</run_address>
         <size>0xe0</size>
         <input_file_ref idref="fl-9e"/>
      </object_component>
      <object_component id="oc-269">
         <name>.text:_div</name>
         <load_address>0xc07fe60</load_address>
         <run_address>0xc07fe60</run_address>
         <size>0xe0</size>
         <input_file_ref idref="fl-a2"/>
      </object_component>
      <object_component id="oc-19f">
         <name>.text:atoi</name>
         <load_address>0xc07ff40</load_address>
         <run_address>0xc07ff40</run_address>
         <size>0xe0</size>
         <input_file_ref idref="fl-a5"/>
      </object_component>
      <object_component id="oc-2be">
         <name>.text:close</name>
         <load_address>0xc080020</load_address>
         <run_address>0xc080020</run_address>
         <size>0xe0</size>
         <input_file_ref idref="fl-98"/>
      </object_component>
      <object_component id="oc-1f">
         <name>.text:decompress:ZI:__TI_zero_init</name>
         <load_address>0xc080100</load_address>
         <run_address>0xc080100</run_address>
         <size>0xe0</size>
         <input_file_ref idref="fl-8d"/>
      </object_component>
      <object_component id="oc-2ae">
         <name>.text:ltoa</name>
         <load_address>0xc0801e0</load_address>
         <run_address>0xc0801e0</run_address>
         <size>0xe0</size>
         <input_file_ref idref="fl-b0"/>
      </object_component>
      <object_component id="oc-e1">
         <name>.text:memset</name>
         <load_address>0xc0802c0</load_address>
         <run_address>0xc0802c0</run_address>
         <size>0xe0</size>
         <input_file_ref idref="fl-9a"/>
      </object_component>
      <object_component id="oc-59">
         <name>.text:printf</name>
         <load_address>0xc0803a0</load_address>
         <run_address>0xc0803a0</run_address>
         <size>0xe0</size>
         <input_file_ref idref="fl-9c"/>
      </object_component>
      <object_component id="oc-294">
         <name>.text:HOSTread</name>
         <load_address>0xc080480</load_address>
         <run_address>0xc080480</run_address>
         <size>0xc0</size>
         <input_file_ref idref="fl-9e"/>
      </object_component>
      <object_component id="oc-2a0">
         <name>.text:HOSTunlink</name>
         <load_address>0xc080540</load_address>
         <run_address>0xc080540</run_address>
         <size>0xc0</size>
         <input_file_ref idref="fl-9e"/>
      </object_component>
      <object_component id="oc-298">
         <name>.text:HOSTwrite</name>
         <load_address>0xc080600</load_address>
         <run_address>0xc080600</run_address>
         <size>0xc0</size>
         <input_file_ref idref="fl-9e"/>
      </object_component>
      <object_component id="oc-dc">
         <name>.text:__divu</name>
         <load_address>0xc0806c0</load_address>
         <run_address>0xc0806c0</run_address>
         <size>0xc0</size>
         <input_file_ref idref="fl-90"/>
      </object_component>
      <object_component id="oc-14e">
         <name>.text:_doflush</name>
         <load_address>0xc080780</load_address>
         <run_address>0xc080780</run_address>
         <size>0xc0</size>
         <input_file_ref idref="fl-ab"/>
      </object_component>
      <object_component id="oc-37">
         <name>.text:exit</name>
         <load_address>0xc080840</load_address>
         <run_address>0xc080840</run_address>
         <size>0xc0</size>
         <input_file_ref idref="fl-91"/>
      </object_component>
      <object_component id="oc-77">
         <name>.text:tls:init:__TI_tls_init</name>
         <load_address>0xc080900</load_address>
         <run_address>0xc080900</run_address>
         <size>0xc0</size>
         <input_file_ref idref="fl-b3"/>
      </object_component>
      <object_component id="oc-290">
         <name>.text:HOSTclose</name>
         <load_address>0xc0809c0</load_address>
         <run_address>0xc0809c0</run_address>
         <size>0xa0</size>
         <input_file_ref idref="fl-9e"/>
      </object_component>
      <object_component id="oc-222">
         <name>.text:_cleanup</name>
         <load_address>0xc080a60</load_address>
         <run_address>0xc080a60</run_address>
         <size>0xa0</size>
         <input_file_ref idref="fl-b5"/>
      </object_component>
      <object_component id="oc-24a">
         <name>.text:_ecpy</name>
         <load_address>0xc080b00</load_address>
         <run_address>0xc080b00</run_address>
         <size>0xa0</size>
         <input_file_ref idref="fl-a2"/>
      </object_component>
      <object_component id="oc-257">
         <name>.text:_fcpy</name>
         <load_address>0xc080ba0</load_address>
         <run_address>0xc080ba0</run_address>
         <size>0xa0</size>
         <input_file_ref idref="fl-a2"/>
      </object_component>
      <object_component id="oc-285">
         <name>.text:_minit</name>
         <load_address>0xc080c40</load_address>
         <run_address>0xc080c40</run_address>
         <size>0xa0</size>
         <input_file_ref idref="fl-b6"/>
      </object_component>
      <object_component id="oc-1f8">
         <name>.text:_pconv_f</name>
         <load_address>0xc080ce0</load_address>
         <run_address>0xc080ce0</run_address>
         <size>0xa0</size>
         <input_file_ref idref="fl-a2"/>
      </object_component>
      <object_component id="oc-2f9">
         <name>.text:finddevice</name>
         <load_address>0xc080d80</load_address>
         <run_address>0xc080d80</run_address>
         <size>0xa0</size>
         <input_file_ref idref="fl-98"/>
      </object_component>
      <object_component id="oc-21c">
         <name>.text:lseek</name>
         <load_address>0xc080e20</load_address>
         <run_address>0xc080e20</run_address>
         <size>0xa0</size>
         <input_file_ref idref="fl-98"/>
      </object_component>
      <object_component id="oc-3c">
         <name>.text:memcpy</name>
         <load_address>0xc080ec0</load_address>
         <run_address>0xc080ec0</run_address>
         <size>0xa0</size>
         <input_file_ref idref="fl-99"/>
      </object_component>
      <object_component id="oc-280">
         <name>.text:minsert</name>
         <load_address>0xc080f60</load_address>
         <run_address>0xc080f60</run_address>
         <size>0xa0</size>
         <input_file_ref idref="fl-b6"/>
      </object_component>
      <object_component id="oc-27c">
         <name>.text:mremove</name>
         <load_address>0xc081000</load_address>
         <run_address>0xc081000</run_address>
         <size>0xa0</size>
         <input_file_ref idref="fl-b6"/>
      </object_component>
      <object_component id="oc-152">
         <name>.text:write</name>
         <load_address>0xc0810a0</load_address>
         <run_address>0xc0810a0</run_address>
         <size>0xa0</size>
         <input_file_ref idref="fl-98"/>
      </object_component>
      <object_component id="oc-190">
         <name>.text:__c6xabi_fixdu</name>
         <load_address>0xc081140</load_address>
         <run_address>0xc081140</run_address>
         <size>0x80</size>
         <input_file_ref idref="fl-92"/>
      </object_component>
      <object_component id="oc-d8">
         <name>.text:__c6xabi_fixfu</name>
         <load_address>0xc0811c0</load_address>
         <run_address>0xc0811c0</run_address>
         <size>0x80</size>
         <input_file_ref idref="fl-93"/>
      </object_component>
      <object_component id="oc-15e">
         <name>.text:__c6xabi_llshl</name>
         <load_address>0xc081240</load_address>
         <run_address>0xc081240</run_address>
         <size>0x80</size>
         <input_file_ref idref="fl-97"/>
      </object_component>
      <object_component id="oc-17">
         <name>.text:_c_int00</name>
         <load_address>0xc0812c0</load_address>
         <run_address>0xc0812c0</run_address>
         <size>0x80</size>
         <input_file_ref idref="fl-8a"/>
      </object_component>
      <object_component id="oc-2d5">
         <name>.text:readmsg</name>
         <load_address>0xc081340</load_address>
         <run_address>0xc081340</run_address>
         <size>0x80</size>
         <input_file_ref idref="fl-9f"/>
      </object_component>
      <object_component id="oc-2c2">
         <name>.text:unlink</name>
         <load_address>0xc0813c0</load_address>
         <run_address>0xc0813c0</run_address>
         <size>0x80</size>
         <input_file_ref idref="fl-98"/>
      </object_component>
      <object_component id="oc-7b">
         <name>.text:__TI_cpp_init</name>
         <load_address>0xc081440</load_address>
         <run_address>0xc081440</run_address>
         <size>0x60</size>
         <input_file_ref idref="fl-a7"/>
      </object_component>
      <object_component id="oc-1de">
         <name>.text:__c6xabi_frcmpyd_div</name>
         <load_address>0xc0814a0</load_address>
         <run_address>0xc0814a0</run_address>
         <size>0x60</size>
         <input_file_ref idref="fl-95"/>
      </object_component>
      <object_component id="oc-166">
         <name>.text:__c6xabi_llshru</name>
         <load_address>0xc081500</load_address>
         <run_address>0xc081500</run_address>
         <size>0x60</size>
         <input_file_ref idref="fl-97"/>
      </object_component>
      <object_component id="oc-162">
         <name>.text:_subcull</name>
         <load_address>0xc081560</load_address>
         <run_address>0xc081560</run_address>
         <size>0x60</size>
         <input_file_ref idref="fl-96"/>
      </object_component>
      <object_component id="oc-1ac">
         <name>.text:memccpy</name>
         <load_address>0xc0815c0</load_address>
         <run_address>0xc0815c0</run_address>
         <size>0x60</size>
         <input_file_ref idref="fl-b1"/>
      </object_component>
      <object_component id="oc-2d1">
         <name>.text:writemsg</name>
         <load_address>0xc081620</load_address>
         <run_address>0xc081620</run_address>
         <size>0x60</size>
         <input_file_ref idref="fl-9f"/>
      </object_component>
      <object_component id="oc-28">
         <name>.text</name>
         <load_address>0xc081680</load_address>
         <run_address>0xc081680</run_address>
         <size>0x40</size>
         <input_file_ref idref="fl-8"/>
      </object_component>
      <object_component id="oc-1f0">
         <name>.text:__c6xabi_isinf</name>
         <load_address>0xc0816c0</load_address>
         <run_address>0xc0816c0</run_address>
         <size>0x40</size>
         <input_file_ref idref="fl-af"/>
      </object_component>
      <object_component id="oc-1ec">
         <name>.text:__c6xabi_isnan</name>
         <load_address>0xc081700</load_address>
         <run_address>0xc081700</run_address>
         <size>0x40</size>
         <input_file_ref idref="fl-a2"/>
      </object_component>
      <object_component id="oc-d0">
         <name>.text:__strasgi_64plus</name>
         <load_address>0xc081740</load_address>
         <run_address>0xc081740</run_address>
         <size>0x40</size>
         <input_file_ref idref="fl-9d"/>
      </object_component>
      <object_component id="oc-33">
         <name>.text:_args_main</name>
         <load_address>0xc081780</load_address>
         <run_address>0xc081780</run_address>
         <size>0x40</size>
         <input_file_ref idref="fl-a4"/>
      </object_component>
      <object_component id="oc-5d">
         <name>.text:puts</name>
         <load_address>0xc0817c0</load_address>
         <run_address>0xc0817c0</run_address>
         <size>0x40</size>
         <input_file_ref idref="fl-94"/>
      </object_component>
      <object_component id="oc-205">
         <name>.text:__c6xabi_negll</name>
         <load_address>0xc081800</load_address>
         <run_address>0xc081800</run_address>
         <size>0x20</size>
         <input_file_ref idref="fl-9b"/>
      </object_component>
      <object_component id="oc-11c">
         <name>.text:_nop</name>
         <load_address>0xc081820</load_address>
         <run_address>0xc081820</run_address>
         <size>0x20</size>
         <input_file_ref idref="fl-a1"/>
      </object_component>
      <object_component id="oc-ab">
         <name>.text:_outc</name>
         <load_address>0xc081840</load_address>
         <run_address>0xc081840</run_address>
         <size>0x20</size>
         <input_file_ref idref="fl-9c"/>
      </object_component>
      <object_component id="oc-a7">
         <name>.text:_outs</name>
         <load_address>0xc081860</load_address>
         <run_address>0xc081860</run_address>
         <size>0x20</size>
         <input_file_ref idref="fl-9c"/>
      </object_component>
      <object_component id="oc-89">
         <name>.text:abort</name>
         <load_address>0xc081880</load_address>
         <run_address>0xc081880</run_address>
         <size>0x20</size>
         <input_file_ref idref="fl-91"/>
      </object_component>
      <object_component id="oc-1b">
         <name>.text:decompress:none:__TI_decompress_none</name>
         <load_address>0xc0818a0</load_address>
         <run_address>0xc0818a0</run_address>
         <size>0x20</size>
         <input_file_ref idref="fl-8b"/>
      </object_component>
      <object_component id="oc-23">
         <name>.text:decompress:rle24:__TI_decompress_rle24</name>
         <load_address>0xc0818c0</load_address>
         <run_address>0xc0818c0</run_address>
         <size>0x20</size>
         <input_file_ref idref="fl-8c"/>
      </object_component>
      <object_component id="oc-329">
         <name>.cinit..fardata.load</name>
         <load_address>0xc086400</load_address>
         <run_address>0xc086400</run_address>
         <size>0x4b2</size>
      </object_component>
      <object_component id="oc-326">
         <name>.cinit..neardata.load</name>
         <load_address>0xc0868b4</load_address>
         <run_address>0xc0868b4</run_address>
         <size>0x136</size>
      </object_component>
      <object_component id="oc-328">
         <name>.cinit..far.load</name>
         <load_address>0xc0869ec</load_address>
         <run_address>0xc0869ec</run_address>
         <size>0x27</size>
      </object_component>
      <object_component id="oc-324">
         <name>__TI_handler_table</name>
         <load_address>0xc086a14</load_address>
         <run_address>0xc086a14</run_address>
         <size>0xc</size>
      </object_component>
      <object_component id="oc-327">
         <name>.cinit..bss.load</name>
         <load_address>0xc086a20</load_address>
         <run_address>0xc086a20</run_address>
         <size>0x8</size>
      </object_component>
      <object_component id="oc-32f">
         <name>.cinit.PacketData:buffer_DDR.load</name>
         <load_address>0xc086a28</load_address>
         <run_address>0xc086a28</run_address>
         <size>0x8</size>
      </object_component>
      <object_component id="oc-32d">
         <name>.cinit.PacketData:buffer_LL2.load</name>
         <load_address>0xc086a30</load_address>
         <run_address>0xc086a30</run_address>
         <size>0x8</size>
      </object_component>
      <object_component id="oc-32b">
         <name>.cinit.PacketData:buffer_SL2.load</name>
         <load_address>0xc086a38</load_address>
         <run_address>0xc086a38</run_address>
         <size>0x8</size>
      </object_component>
      <object_component id="oc-32e">
         <name>.cinit.QMSS_Data:Descriptor_DDR.load</name>
         <load_address>0xc086a40</load_address>
         <run_address>0xc086a40</run_address>
         <size>0x8</size>
      </object_component>
      <object_component id="oc-32c">
         <name>.cinit.QMSS_Data:Descriptor_LL2.load</name>
         <load_address>0xc086a48</load_address>
         <run_address>0xc086a48</run_address>
         <size>0x8</size>
      </object_component>
      <object_component id="oc-32a">
         <name>.cinit.QMSS_Data:Descriptor_SL2.load</name>
         <load_address>0xc086a50</load_address>
         <run_address>0xc086a50</run_address>
         <size>0x8</size>
      </object_component>
      <object_component id="oc-325">
         <name>__TI_cinit_table</name>
         <load_address>0xc086a58</load_address>
         <run_address>0xc086a58</run_address>
         <size>0x50</size>
      </object_component>
      <object_component id="oc-58">
         <name>.const:.string</name>
         <load_address>0xc0818e0</load_address>
         <run_address>0xc0818e0</run_address>
         <size>0x1a2c</size>
         <input_file_ref idref="fl-4"/>
      </object_component>
      <object_component id="oc-e7">
         <name>.const:.string</name>
         <load_address>0xc08330c</load_address>
         <run_address>0xc08330c</run_address>
         <size>0x6a3</size>
         <input_file_ref idref="fl-a"/>
      </object_component>
      <object_component id="oc-173">
         <name>.const:acc32_le</name>
         <load_address>0xc0839b0</load_address>
         <run_address>0xc0839b0</run_address>
         <size>0x640</size>
         <input_file_ref idref="fl-c"/>
      </object_component>
      <object_component id="oc-174">
         <name>.const:acc16_le</name>
         <load_address>0xc083ff0</load_address>
         <run_address>0xc083ff0</run_address>
         <size>0x630</size>
         <input_file_ref idref="fl-c"/>
      </object_component>
      <object_component id="oc-1e4">
         <name>.const:.string</name>
         <load_address>0xc084620</load_address>
         <run_address>0xc084620</run_address>
         <size>0x501</size>
         <input_file_ref idref="fl-2"/>
      </object_component>
      <object_component id="oc-10d">
         <name>.const:.string</name>
         <load_address>0xc084b21</load_address>
         <run_address>0xc084b21</run_address>
         <size>0x2e9</size>
         <input_file_ref idref="fl-b"/>
      </object_component>
      <object_component id="oc-182">
         <name>.const:.string</name>
         <load_address>0xc084e0a</load_address>
         <run_address>0xc084e0a</run_address>
         <size>0x247</size>
         <input_file_ref idref="fl-9"/>
      </object_component>
      <object_component id="oc-176">
         <name>.const:.string</name>
         <load_address>0xc085051</load_address>
         <run_address>0xc085051</run_address>
         <size>0x245</size>
         <input_file_ref idref="fl-c"/>
      </object_component>
      <object_component id="oc-1dd">
         <name>.const:.string</name>
         <load_address>0xc085296</load_address>
         <run_address>0xc085296</run_address>
         <size>0x152</size>
         <input_file_ref idref="fl-5"/>
      </object_component>
      <object_component id="oc-69">
         <name>.const:.string</name>
         <load_address>0xc0853e8</load_address>
         <run_address>0xc0853e8</run_address>
         <size>0x108</size>
         <input_file_ref idref="fl-d"/>
      </object_component>
      <object_component id="oc-1e8">
         <name>.const:.string:_ctypes_</name>
         <load_address>0xc0854f0</load_address>
         <run_address>0xc0854f0</run_address>
         <size>0x101</size>
         <input_file_ref idref="fl-a9"/>
      </object_component>
      <object_component id="oc-188">
         <name>.const:.string</name>
         <load_address>0xc0855f1</load_address>
         <run_address>0xc0855f1</run_address>
         <size>0xa9</size>
         <input_file_ref idref="fl-e"/>
      </object_component>
      <object_component id="oc-18a">
         <name>.const:.string</name>
         <load_address>0xc08569a</load_address>
         <run_address>0xc08569a</run_address>
         <size>0xa4</size>
         <input_file_ref idref="fl-7"/>
      </object_component>
      <object_component id="oc-b5">
         <name>.const:.string</name>
         <load_address>0xc08573e</load_address>
         <run_address>0xc08573e</run_address>
         <size>0x2</size>
         <input_file_ref idref="fl-94"/>
      </object_component>
      <object_component id="oc-1e5">
         <name>.const:$P$T0$1</name>
         <load_address>0xc085740</load_address>
         <run_address>0xc085740</run_address>
         <size>0x38</size>
         <input_file_ref idref="fl-2"/>
      </object_component>
      <object_component id="oc-1b0">
         <name>.const:.string</name>
         <load_address>0xc085778</load_address>
         <run_address>0xc085778</run_address>
         <size>0x23</size>
         <input_file_ref idref="fl-a2"/>
      </object_component>
      <object_component id="oc-f0">
         <name>.const:.string</name>
         <load_address>0xc08579b</load_address>
         <run_address>0xc08579b</run_address>
         <size>0x21</size>
         <input_file_ref idref="fl-6"/>
      </object_component>
      <object_component id="oc-10f">
         <name>.switch:main</name>
         <load_address>0xc0857bc</load_address>
         <run_address>0xc0857bc</run_address>
         <size>0x10</size>
         <input_file_ref idref="fl-b"/>
      </object_component>
      <object_component id="oc-2b">
         <name>.stack</name>
         <uninitialized>true</uninitialized>
         <run_address>0x835520</run_address>
         <size>0x8</size>
         <input_file_ref idref="fl-8a"/>
      </object_component>
      <object_component id="oc-330">
         <name>.stack</name>
         <uninitialized>true</uninitialized>
         <run_address>0x835520</run_address>
         <size>0x0</size>
      </object_component>
      <object_component id="oc-bc">
         <name>.neardata</name>
         <load_address>0x838114</load_address>
         <run_address>0x838114</run_address>
         <size>0xbc</size>
         <input_file_ref idref="fl-4"/>
      </object_component>
      <object_component id="oc-62">
         <name>.neardata</name>
         <load_address>0x8381d0</load_address>
         <run_address>0x8381d0</run_address>
         <size>0x64</size>
         <input_file_ref idref="fl-5"/>
      </object_component>
      <object_component id="oc-63">
         <name>.neardata</name>
         <load_address>0x838234</load_address>
         <run_address>0x838234</run_address>
         <size>0xc</size>
         <input_file_ref idref="fl-d"/>
      </object_component>
      <object_component id="oc-68">
         <name>.neardata</name>
         <load_address>0x838240</load_address>
         <run_address>0x838240</run_address>
         <size>0xc</size>
         <input_file_ref idref="fl-6"/>
      </object_component>
      <object_component id="oc-66">
         <name>.neardata</name>
         <load_address>0x83824c</load_address>
         <run_address>0x83824c</run_address>
         <size>0x8</size>
         <input_file_ref idref="fl-b"/>
      </object_component>
      <object_component id="oc-183">
         <name>.neardata</name>
         <load_address>0x838254</load_address>
         <run_address>0x838254</run_address>
         <size>0x1</size>
         <input_file_ref idref="fl-9"/>
      </object_component>
      <object_component id="oc-65">
         <name>.bss</name>
         <uninitialized>true</uninitialized>
         <run_address>0x838258</run_address>
         <size>0x14</size>
         <input_file_ref idref="fl-c"/>
      </object_component>
      <object_component id="oc-67">
         <name>.bss</name>
         <uninitialized>true</uninitialized>
         <run_address>0x83826c</run_address>
         <size>0x4</size>
         <input_file_ref idref="fl-d"/>
      </object_component>
      <object_component id="oc-ed">
         <name>.bss</name>
         <uninitialized>true</uninitialized>
         <run_address>0x838270</run_address>
         <size>0x4</size>
         <input_file_ref idref="fl-6"/>
      </object_component>
      <object_component id="oc-57">
         <name>.far</name>
         <load_address>0x835488</load_address>
         <run_address>0x835488</run_address>
         <size>0x6c</size>
         <input_file_ref idref="fl-4"/>
      </object_component>
      <object_component id="oc-64">
         <name>.far</name>
         <load_address>0x835040</load_address>
         <run_address>0x835040</run_address>
         <size>0x208</size>
         <input_file_ref idref="fl-c"/>
      </object_component>
      <object_component id="oc-c0">
         <name>.far:Core_MPAX</name>
         <load_address>0x835508</load_address>
         <run_address>0x835508</run_address>
         <size>0x10</size>
         <input_file_ref idref="fl-4"/>
      </object_component>
      <object_component id="oc-e6">
         <name>.far</name>
         <load_address>0x834e00</load_address>
         <run_address>0x834e00</run_address>
         <size>0x240</size>
         <input_file_ref idref="fl-6"/>
      </object_component>
      <object_component id="oc-10a">
         <name>.far</name>
         <load_address>0x835388</load_address>
         <run_address>0x835388</run_address>
         <size>0x100</size>
         <input_file_ref idref="fl-b"/>
      </object_component>
      <object_component id="oc-189">
         <name>.far</name>
         <load_address>0x834200</load_address>
         <run_address>0x834200</run_address>
         <size>0xc00</size>
         <input_file_ref idref="fl-e"/>
      </object_component>
      <object_component id="oc-18b">
         <name>.far:Core_MPAX</name>
         <load_address>0x8354f8</load_address>
         <run_address>0x8354f8</run_address>
         <size>0x10</size>
         <input_file_ref idref="fl-7"/>
      </object_component>
      <object_component id="oc-2c6">
         <name>.far</name>
         <load_address>0x835248</load_address>
         <run_address>0x835248</run_address>
         <size>0x140</size>
         <input_file_ref idref="fl-aa"/>
      </object_component>
      <object_component id="oc-2cf">
         <name>.far</name>
         <load_address>0x835518</load_address>
         <run_address>0x835518</run_address>
         <size>0x8</size>
         <input_file_ref idref="fl-9e"/>
      </object_component>
      <object_component id="oc-87">
         <name>.fardata</name>
         <load_address>0x838094</load_address>
         <run_address>0x838094</run_address>
         <size>0xc</size>
         <input_file_ref idref="fl-91"/>
      </object_component>
      <object_component id="oc-a3">
         <name>.fardata</name>
         <load_address>0x838108</load_address>
         <run_address>0x838108</run_address>
         <size>0x8</size>
         <input_file_ref idref="fl-a1"/>
      </object_component>
      <object_component id="oc-a5">
         <name>.fardata:_ftable</name>
         <load_address>0x837940</load_address>
         <run_address>0x837940</run_address>
         <size>0x1e0</size>
         <input_file_ref idref="fl-aa"/>
      </object_component>
      <object_component id="oc-bd">
         <name>.fardata:gpTimerRegs</name>
         <load_address>0x837ea8</load_address>
         <run_address>0x837ea8</run_address>
         <size>0x24</size>
         <input_file_ref idref="fl-4"/>
      </object_component>
      <object_component id="oc-be">
         <name>.fardata:gstruMpuAddrRange</name>
         <load_address>0x837e10</load_address>
         <run_address>0x837e10</run_address>
         <size>0x40</size>
         <input_file_ref idref="fl-4"/>
      </object_component>
      <object_component id="oc-bf">
         <name>.fardata:gpMPU_regs</name>
         <load_address>0x837f80</load_address>
         <run_address>0x837f80</run_address>
         <size>0x20</size>
         <input_file_ref idref="fl-4"/>
      </object_component>
      <object_component id="oc-c1">
         <name>.fardata:Ns_str</name>
         <load_address>0x8380b8</load_address>
         <run_address>0x8380b8</run_address>
         <size>0x8</size>
         <input_file_ref idref="fl-4"/>
      </object_component>
      <object_component id="oc-c2">
         <name>.fardata:Peri_MPU_err_type_str</name>
         <load_address>0x837ff8</load_address>
         <run_address>0x837ff8</run_address>
         <size>0x18</size>
         <input_file_ref idref="fl-4"/>
      </object_component>
      <object_component id="oc-c3">
         <name>.fardata:boot_mode_str</name>
         <load_address>0x837f20</load_address>
         <run_address>0x837f20</run_address>
         <size>0x20</size>
         <input_file_ref idref="fl-4"/>
      </object_component>
      <object_component id="oc-c4">
         <name>.fardata:device_type_str</name>
         <load_address>0x838040</load_address>
         <run_address>0x838040</run_address>
         <size>0x14</size>
         <input_file_ref idref="fl-4"/>
      </object_component>
      <object_component id="oc-c5">
         <name>.fardata:endian_str</name>
         <load_address>0x8380c0</load_address>
         <run_address>0x8380c0</run_address>
         <size>0x8</size>
         <input_file_ref idref="fl-4"/>
      </object_component>
      <object_component id="oc-c6">
         <name>.fardata:input_clk_str</name>
         <load_address>0x837ed0</load_address>
         <run_address>0x837ed0</run_address>
         <size>0x24</size>
         <input_file_ref idref="fl-4"/>
      </object_component>
      <object_component id="oc-c7">
         <name>.fardata:gCIC_EXC_EN_MASK</name>
         <load_address>0x837f60</load_address>
         <run_address>0x837f60</run_address>
         <size>0x20</size>
         <input_file_ref idref="fl-4"/>
      </object_component>
      <object_component id="oc-c8">
         <name>.fardata:gpEDMA_CC_regs</name>
         <load_address>0x838088</load_address>
         <run_address>0x838088</run_address>
         <size>0xc</size>
         <input_file_ref idref="fl-4"/>
      </object_component>
      <object_component id="oc-c9">
         <name>.fardata:gpEDMA_TC_regs</name>
         <load_address>0x837e80</load_address>
         <run_address>0x837e80</run_address>
         <size>0x28</size>
         <input_file_ref idref="fl-4"/>
      </object_component>
      <object_component id="oc-ca">
         <name>.fardata:bus_err_stat_str</name>
         <load_address>0x837f40</load_address>
         <run_address>0x837f40</run_address>
         <size>0x20</size>
         <input_file_ref idref="fl-4"/>
      </object_component>
      <object_component id="oc-cb">
         <name>.fardata:internal_exception_str</name>
         <load_address>0x837ef8</load_address>
         <run_address>0x837ef8</run_address>
         <size>0x24</size>
         <input_file_ref idref="fl-4"/>
      </object_component>
      <object_component id="oc-e8">
         <name>.fardata:GE_speed_str</name>
         <load_address>0x838078</load_address>
         <run_address>0x838078</run_address>
         <size>0xc</size>
         <input_file_ref idref="fl-a"/>
      </object_component>
      <object_component id="oc-e9">
         <name>.fardata:GE_duplex_str</name>
         <load_address>0x8380b0</load_address>
         <run_address>0x8380b0</run_address>
         <size>0x8</size>
         <input_file_ref idref="fl-a"/>
      </object_component>
      <object_component id="oc-ea">
         <name>.fardata:gpCPSW_port_regs</name>
         <load_address>0x8380c8</load_address>
         <run_address>0x8380c8</run_address>
         <size>0x8</size>
         <input_file_ref idref="fl-6"/>
      </object_component>
      <object_component id="oc-eb">
         <name>.fardata:gpMAC_regs</name>
         <load_address>0x8380d0</load_address>
         <run_address>0x8380d0</run_address>
         <size>0x8</size>
         <input_file_ref idref="fl-6"/>
      </object_component>
      <object_component id="oc-ec">
         <name>.fardata:gpSGMII_regs</name>
         <load_address>0x8380f0</load_address>
         <run_address>0x8380f0</run_address>
         <size>0x8</size>
         <input_file_ref idref="fl-6"/>
      </object_component>
      <object_component id="oc-ee">
         <name>.fardata:STATS_EN</name>
         <load_address>0x838110</load_address>
         <run_address>0x838110</run_address>
         <size>0x4</size>
         <input_file_ref idref="fl-6"/>
      </object_component>
      <object_component id="oc-ef">
         <name>.fardata:gpStats_regs</name>
         <load_address>0x8380f8</load_address>
         <run_address>0x8380f8</run_address>
         <size>0x8</size>
         <input_file_ref idref="fl-6"/>
      </object_component>
      <object_component id="oc-10b">
         <name>.fardata:Dest_MAC_address</name>
         <load_address>0x838058</load_address>
         <run_address>0x838058</run_address>
         <size>0x10</size>
         <input_file_ref idref="fl-b"/>
      </object_component>
      <object_component id="oc-10c">
         <name>.fardata:port_connect</name>
         <load_address>0x838100</load_address>
         <run_address>0x838100</run_address>
         <size>0x8</size>
         <input_file_ref idref="fl-b"/>
      </object_component>
      <object_component id="oc-10e">
         <name>.fardata:Source_MAC_address</name>
         <load_address>0x838068</load_address>
         <run_address>0x838068</run_address>
         <size>0x10</size>
         <input_file_ref idref="fl-b"/>
      </object_component>
      <object_component id="oc-110">
         <name>.fardata:GE_mode_str</name>
         <load_address>0x837fe0</load_address>
         <run_address>0x837fe0</run_address>
         <size>0x18</size>
         <input_file_ref idref="fl-b"/>
      </object_component>
      <object_component id="oc-171">
         <name>.fardata:descMemRegionsCfg</name>
         <load_address>0x837dc8</load_address>
         <run_address>0x837dc8</run_address>
         <size>0x48</size>
         <input_file_ref idref="fl-c"/>
      </object_component>
      <object_component id="oc-172">
         <name>.fardata:freeHostQueueCfgTable</name>
         <load_address>0x837b20</load_address>
         <run_address>0x837b20</run_address>
         <size>0x120</size>
         <input_file_ref idref="fl-c"/>
      </object_component>
      <object_component id="oc-175">
         <name>.fardata:flowCfgTable</name>
         <load_address>0x837d58</load_address>
         <run_address>0x837d58</run_address>
         <size>0x70</size>
         <input_file_ref idref="fl-c"/>
      </object_component>
      <object_component id="oc-177">
         <name>.fardata:FDQ_str</name>
         <load_address>0x837e50</load_address>
         <run_address>0x837e50</run_address>
         <size>0x30</size>
         <input_file_ref idref="fl-c"/>
      </object_component>
      <object_component id="oc-184">
         <name>.fardata:message_src_dest</name>
         <load_address>0x837fa0</load_address>
         <run_address>0x837fa0</run_address>
         <size>0x20</size>
         <input_file_ref idref="fl-9"/>
      </object_component>
      <object_component id="oc-185">
         <name>.fardata:multiPortTest</name>
         <load_address>0x837fc0</load_address>
         <run_address>0x837fc0</run_address>
         <size>0x20</size>
         <input_file_ref idref="fl-9"/>
      </object_component>
      <object_component id="oc-186">
         <name>.fardata:flow_str</name>
         <load_address>0x838010</load_address>
         <run_address>0x838010</run_address>
         <size>0x18</size>
         <input_file_ref idref="fl-c"/>
      </object_component>
      <object_component id="oc-187">
         <name>.fardata:test_2DSP_cfg</name>
         <load_address>0x838028</load_address>
         <run_address>0x838028</run_address>
         <size>0x18</size>
         <input_file_ref idref="fl-e"/>
      </object_component>
      <object_component id="oc-1c7">
         <name>.fardata:_stream</name>
         <load_address>0x837c40</load_address>
         <run_address>0x837c40</run_address>
         <size>0xa0</size>
         <input_file_ref idref="fl-98"/>
      </object_component>
      <object_component id="oc-1da">
         <name>.fardata:gpQM_PDSP_Cmd</name>
         <load_address>0x8380d8</load_address>
         <run_address>0x8380d8</run_address>
         <size>0x8</size>
         <input_file_ref idref="fl-5"/>
      </object_component>
      <object_component id="oc-1db">
         <name>.fardata:gpQM_PDSP_CtrlRegs</name>
         <load_address>0x8380e0</load_address>
         <run_address>0x8380e0</run_address>
         <size>0x8</size>
         <input_file_ref idref="fl-5"/>
      </object_component>
      <object_component id="oc-1dc">
         <name>.fardata:gpQM_PDSP_IRAM</name>
         <load_address>0x8380e8</load_address>
         <run_address>0x8380e8</run_address>
         <size>0x8</size>
         <input_file_ref idref="fl-5"/>
      </object_component>
      <object_component id="oc-234">
         <name>.fardata:_device</name>
         <load_address>0x837ce0</load_address>
         <run_address>0x837ce0</run_address>
         <size>0x78</size>
         <input_file_ref idref="fl-98"/>
      </object_component>
      <object_component id="oc-273">
         <name>.fardata</name>
         <load_address>0x837ecc</load_address>
         <run_address>0x837ecc</run_address>
         <size>0x4</size>
         <input_file_ref idref="fl-aa"/>
      </object_component>
      <object_component id="oc-27a">
         <name>.fardata</name>
         <load_address>0x8380a0</load_address>
         <run_address>0x8380a0</run_address>
         <size>0xc</size>
         <input_file_ref idref="fl-b6"/>
      </object_component>
      <object_component id="oc-2f0">
         <name>.cio</name>
         <uninitialized>true</uninitialized>
         <run_address>0x838278</run_address>
         <size>0x120</size>
         <input_file_ref idref="fl-9f"/>
      </object_component>
      <object_component id="oc-2d">
         <name>.sysmem</name>
         <uninitialized>true</uninitialized>
         <run_address>0x837140</run_address>
         <size>0x8</size>
         <input_file_ref idref="fl-b6"/>
      </object_component>
      <object_component id="oc-331">
         <name>.sysmem</name>
         <uninitialized>true</uninitialized>
         <run_address>0x837140</run_address>
         <size>0x0</size>
      </object_component>
      <object_component id="oc-1d4">
         <name>QMSS_Data:Descriptor_SL2</name>
         <uninitialized>true</uninitialized>
         <run_address>0xc085800</run_address>
         <size>0xc00</size>
         <input_file_ref idref="fl-c"/>
      </object_component>
      <object_component id="oc-1d7">
         <name>PacketData:buffer_SL2</name>
         <uninitialized>true</uninitialized>
         <run_address>0xc000000</run_address>
         <size>0x68000</size>
         <input_file_ref idref="fl-c"/>
      </object_component>
      <object_component id="oc-1d5">
         <name>QMSS_Data:Descriptor_LL2</name>
         <uninitialized>true</uninitialized>
         <run_address>0x836540</run_address>
         <size>0xc00</size>
         <input_file_ref idref="fl-c"/>
      </object_component>
      <object_component id="oc-1d8">
         <name>PacketData:buffer_LL2</name>
         <uninitialized>true</uninitialized>
         <run_address>0x800200</run_address>
         <size>0x34000</size>
         <input_file_ref idref="fl-c"/>
      </object_component>
      <object_component id="oc-1d6">
         <name>QMSS_Data:Descriptor_DDR</name>
         <uninitialized>true</uninitialized>
         <run_address>0x82340000</run_address>
         <size>0x6000</size>
         <input_file_ref idref="fl-c"/>
      </object_component>
      <object_component id="oc-1d9">
         <name>PacketData:buffer_DDR</name>
         <uninitialized>true</uninitialized>
         <run_address>0x82000000</run_address>
         <size>0x340000</size>
         <input_file_ref idref="fl-c"/>
      </object_component>
      <object_component id="oc-18">
         <name>.debug_info</name>
         <load_address>0x0</load_address>
         <run_address>0x0</run_address>
         <size>0x110</size>
         <input_file_ref idref="fl-8a"/>
      </object_component>
      <object_component id="oc-1c">
         <name>.debug_info</name>
         <load_address>0x110</load_address>
         <run_address>0x110</run_address>
         <size>0x14f</size>
         <input_file_ref idref="fl-8b"/>
      </object_component>
      <object_component id="oc-20">
         <name>.debug_info</name>
         <load_address>0x25f</load_address>
         <run_address>0x25f</run_address>
         <size>0x190</size>
         <input_file_ref idref="fl-8d"/>
      </object_component>
      <object_component id="oc-24">
         <name>.debug_info</name>
         <load_address>0x3ef</load_address>
         <run_address>0x3ef</run_address>
         <size>0x16c</size>
         <input_file_ref idref="fl-8c"/>
      </object_component>
      <object_component id="oc-2c">
         <name>.debug_info</name>
         <load_address>0x55b</load_address>
         <run_address>0x55b</run_address>
         <size>0xa7</size>
         <input_file_ref idref="fl-8a"/>
      </object_component>
      <object_component id="oc-2e">
         <name>.debug_info</name>
         <load_address>0x602</load_address>
         <run_address>0x602</run_address>
         <size>0xb3</size>
         <input_file_ref idref="fl-b6"/>
      </object_component>
      <object_component id="oc-30">
         <name>.debug_info</name>
         <load_address>0x6b5</load_address>
         <run_address>0x6b5</run_address>
         <size>0x190</size>
         <input_file_ref idref="fl-a6"/>
      </object_component>
      <object_component id="oc-34">
         <name>.debug_info</name>
         <load_address>0x845</load_address>
         <run_address>0x845</run_address>
         <size>0xf6</size>
         <input_file_ref idref="fl-a4"/>
      </object_component>
      <object_component id="oc-38">
         <name>.debug_info</name>
         <load_address>0x93b</load_address>
         <run_address>0x93b</run_address>
         <size>0x10c</size>
         <input_file_ref idref="fl-91"/>
      </object_component>
      <object_component id="oc-3d">
         <name>.debug_info</name>
         <load_address>0xa47</load_address>
         <run_address>0xa47</run_address>
         <size>0xd6</size>
         <input_file_ref idref="fl-99"/>
      </object_component>
      <object_component id="oc-41">
         <name>.debug_info</name>
         <load_address>0xb1d</load_address>
         <run_address>0xb1d</run_address>
         <size>0x53</size>
         <input_file_ref idref="fl-8b"/>
      </object_component>
      <object_component id="oc-47">
         <name>.debug_info</name>
         <load_address>0xb70</load_address>
         <run_address>0xb70</run_address>
         <size>0x53</size>
         <input_file_ref idref="fl-8d"/>
      </object_component>
      <object_component id="oc-4d">
         <name>.debug_info</name>
         <load_address>0xbc3</load_address>
         <run_address>0xbc3</run_address>
         <size>0x2f2</size>
         <input_file_ref idref="fl-8c"/>
      </object_component>
      <object_component id="oc-51">
         <name>.debug_info</name>
         <load_address>0xeb5</load_address>
         <run_address>0xeb5</run_address>
         <size>0x1d7</size>
         <input_file_ref idref="fl-8c"/>
      </object_component>
      <object_component id="oc-52">
         <name>.debug_info</name>
         <load_address>0x108c</load_address>
         <run_address>0x108c</run_address>
         <size>0x46</size>
         <input_file_ref idref="fl-8c"/>
      </object_component>
      <object_component id="oc-5a">
         <name>.debug_info</name>
         <load_address>0x10d2</load_address>
         <run_address>0x10d2</run_address>
         <size>0x127</size>
         <input_file_ref idref="fl-9c"/>
      </object_component>
      <object_component id="oc-5e">
         <name>.debug_info</name>
         <load_address>0x11f9</load_address>
         <run_address>0x11f9</run_address>
         <size>0x106</size>
         <input_file_ref idref="fl-94"/>
      </object_component>
      <object_component id="oc-6f">
         <name>.debug_info</name>
         <load_address>0x12ff</load_address>
         <run_address>0x12ff</run_address>
         <size>0x10a</size>
         <input_file_ref idref="fl-8a"/>
      </object_component>
      <object_component id="oc-72">
         <name>.debug_info</name>
         <load_address>0x1409</load_address>
         <run_address>0x1409</run_address>
         <size>0x16a</size>
         <input_file_ref idref="fl-b6"/>
      </object_component>
      <object_component id="oc-74">
         <name>.debug_info</name>
         <load_address>0x1573</load_address>
         <run_address>0x1573</run_address>
         <size>0x18e</size>
         <input_file_ref idref="fl-a8"/>
      </object_component>
      <object_component id="oc-78">
         <name>.debug_info</name>
         <load_address>0x1701</load_address>
         <run_address>0x1701</run_address>
         <size>0x164</size>
         <input_file_ref idref="fl-b3"/>
      </object_component>
      <object_component id="oc-7c">
         <name>.debug_info</name>
         <load_address>0x1865</load_address>
         <run_address>0x1865</run_address>
         <size>0x15f</size>
         <input_file_ref idref="fl-a7"/>
      </object_component>
      <object_component id="oc-82">
         <name>.debug_info</name>
         <load_address>0x19c4</load_address>
         <run_address>0x19c4</run_address>
         <size>0x94</size>
         <input_file_ref idref="fl-8a"/>
      </object_component>
      <object_component id="oc-88">
         <name>.debug_info</name>
         <load_address>0x1a58</load_address>
         <run_address>0x1a58</run_address>
         <size>0x127</size>
         <input_file_ref idref="fl-91"/>
      </object_component>
      <object_component id="oc-8a">
         <name>.debug_info</name>
         <load_address>0x1b7f</load_address>
         <run_address>0x1b7f</run_address>
         <size>0x11e</size>
         <input_file_ref idref="fl-91"/>
      </object_component>
      <object_component id="oc-8e">
         <name>.debug_info</name>
         <load_address>0x1c9d</load_address>
         <run_address>0x1c9d</run_address>
         <size>0x8d</size>
         <input_file_ref idref="fl-8b"/>
      </object_component>
      <object_component id="oc-94">
         <name>.debug_info</name>
         <load_address>0x1d2a</load_address>
         <run_address>0x1d2a</run_address>
         <size>0x46</size>
         <input_file_ref idref="fl-8b"/>
      </object_component>
      <object_component id="oc-99">
         <name>.debug_info</name>
         <load_address>0x1d70</load_address>
         <run_address>0x1d70</run_address>
         <size>0xe5</size>
         <input_file_ref idref="fl-8b"/>
      </object_component>
      <object_component id="oc-9a">
         <name>.debug_info</name>
         <load_address>0x1e55</load_address>
         <run_address>0x1e55</run_address>
         <size>0x2c</size>
         <input_file_ref idref="fl-8c"/>
      </object_component>
      <object_component id="oc-9f">
         <name>.debug_info</name>
         <load_address>0x1e81</load_address>
         <run_address>0x1e81</run_address>
         <size>0x1cd</size>
         <input_file_ref idref="fl-8d"/>
      </object_component>
      <object_component id="oc-a4">
         <name>.debug_info</name>
         <load_address>0x204e</load_address>
         <run_address>0x204e</run_address>
         <size>0xc5</size>
         <input_file_ref idref="fl-a1"/>
      </object_component>
      <object_component id="oc-a6">
         <name>.debug_info</name>
         <load_address>0x2113</load_address>
         <run_address>0x2113</run_address>
         <size>0xa9</size>
         <input_file_ref idref="fl-aa"/>
      </object_component>
      <object_component id="oc-a8">
         <name>.debug_info</name>
         <load_address>0x21bc</load_address>
         <run_address>0x21bc</run_address>
         <size>0x10b</size>
         <input_file_ref idref="fl-9c"/>
      </object_component>
      <object_component id="oc-ac">
         <name>.debug_info</name>
         <load_address>0x22c7</load_address>
         <run_address>0x22c7</run_address>
         <size>0xfc</size>
         <input_file_ref idref="fl-9c"/>
      </object_component>
      <object_component id="oc-b0">
         <name>.debug_info</name>
         <load_address>0x23c3</load_address>
         <run_address>0x23c3</run_address>
         <size>0x418</size>
         <input_file_ref idref="fl-a2"/>
      </object_component>
      <object_component id="oc-b4">
         <name>.debug_info</name>
         <load_address>0x27db</load_address>
         <run_address>0x27db</run_address>
         <size>0x1e3</size>
         <input_file_ref idref="fl-9c"/>
      </object_component>
      <object_component id="oc-b7">
         <name>.debug_info</name>
         <load_address>0x29be</load_address>
         <run_address>0x29be</run_address>
         <size>0x3e4</size>
         <input_file_ref idref="fl-94"/>
      </object_component>
      <object_component id="oc-bb">
         <name>.debug_info</name>
         <load_address>0x2da2</load_address>
         <run_address>0x2da2</run_address>
         <size>0x1ba</size>
         <input_file_ref idref="fl-94"/>
      </object_component>
      <object_component id="oc-cd">
         <name>.debug_info</name>
         <load_address>0x2f5c</load_address>
         <run_address>0x2f5c</run_address>
         <size>0x1e8</size>
         <input_file_ref idref="fl-96"/>
      </object_component>
      <object_component id="oc-d1">
         <name>.debug_info</name>
         <load_address>0x3144</load_address>
         <run_address>0x3144</run_address>
         <size>0xdf</size>
         <input_file_ref idref="fl-9d"/>
      </object_component>
      <object_component id="oc-d5">
         <name>.debug_info</name>
         <load_address>0x3223</load_address>
         <run_address>0x3223</run_address>
         <size>0x11c</size>
         <input_file_ref idref="fl-8f"/>
      </object_component>
      <object_component id="oc-d9">
         <name>.debug_info</name>
         <load_address>0x333f</load_address>
         <run_address>0x333f</run_address>
         <size>0x106</size>
         <input_file_ref idref="fl-93"/>
      </object_component>
      <object_component id="oc-dd">
         <name>.debug_info</name>
         <load_address>0x3445</load_address>
         <run_address>0x3445</run_address>
         <size>0xc9</size>
         <input_file_ref idref="fl-90"/>
      </object_component>
      <object_component id="oc-e2">
         <name>.debug_info</name>
         <load_address>0x350e</load_address>
         <run_address>0x350e</run_address>
         <size>0x163</size>
         <input_file_ref idref="fl-9a"/>
      </object_component>
      <object_component id="oc-f4">
         <name>.debug_info</name>
         <load_address>0x3671</load_address>
         <run_address>0x3671</run_address>
         <size>0x1d9</size>
         <input_file_ref idref="fl-8a"/>
      </object_component>
      <object_component id="oc-fb">
         <name>.debug_info</name>
         <load_address>0x384a</load_address>
         <run_address>0x384a</run_address>
         <size>0x110</size>
         <input_file_ref idref="fl-91"/>
      </object_component>
      <object_component id="oc-100">
         <name>.debug_info</name>
         <load_address>0x395a</load_address>
         <run_address>0x395a</run_address>
         <size>0x70</size>
         <input_file_ref idref="fl-b6"/>
      </object_component>
      <object_component id="oc-106">
         <name>.debug_info</name>
         <load_address>0x39ca</load_address>
         <run_address>0x39ca</run_address>
         <size>0x140</size>
         <input_file_ref idref="fl-a8"/>
      </object_component>
      <object_component id="oc-108">
         <name>.debug_info</name>
         <load_address>0x3b0a</load_address>
         <run_address>0x3b0a</run_address>
         <size>0x253</size>
         <input_file_ref idref="fl-b3"/>
      </object_component>
      <object_component id="oc-116">
         <name>.debug_info</name>
         <load_address>0x3d5d</load_address>
         <run_address>0x3d5d</run_address>
         <size>0x12b</size>
         <input_file_ref idref="fl-91"/>
      </object_component>
      <object_component id="oc-11d">
         <name>.debug_info</name>
         <load_address>0x3e88</load_address>
         <run_address>0x3e88</run_address>
         <size>0xd9</size>
         <input_file_ref idref="fl-a1"/>
      </object_component>
      <object_component id="oc-122">
         <name>.debug_info</name>
         <load_address>0x3f61</load_address>
         <run_address>0x3f61</run_address>
         <size>0x99</size>
         <input_file_ref idref="fl-a1"/>
      </object_component>
      <object_component id="oc-125">
         <name>.debug_info</name>
         <load_address>0x3ffa</load_address>
         <run_address>0x3ffa</run_address>
         <size>0xca</size>
         <input_file_ref idref="fl-aa"/>
      </object_component>
      <object_component id="oc-128">
         <name>.debug_info</name>
         <load_address>0x40c4</load_address>
         <run_address>0x40c4</run_address>
         <size>0x182</size>
         <input_file_ref idref="fl-ac"/>
      </object_component>
      <object_component id="oc-12d">
         <name>.debug_info</name>
         <load_address>0x4246</load_address>
         <run_address>0x4246</run_address>
         <size>0x1f5</size>
         <input_file_ref idref="fl-a2"/>
      </object_component>
      <object_component id="oc-131">
         <name>.debug_info</name>
         <load_address>0x443b</load_address>
         <run_address>0x443b</run_address>
         <size>0x20b</size>
         <input_file_ref idref="fl-a2"/>
      </object_component>
      <object_component id="oc-135">
         <name>.debug_info</name>
         <load_address>0x4646</load_address>
         <run_address>0x4646</run_address>
         <size>0x224</size>
         <input_file_ref idref="fl-a2"/>
      </object_component>
      <object_component id="oc-139">
         <name>.debug_info</name>
[...]
      </symbol>
      <symbol id="sm-662">
         <name>Dest_MAC_address</name>
         <value>0x838058</value>
         <object_component_ref idref="oc-10b"/>
      </symbol>
      <symbol id="sm-663">
         <name>GE_DSP0_to_DSP1_test</name>
         <value>0xc077cc0</value>
         <object_component_ref idref="oc-80"/>
      </symbol>
      <symbol id="sm-664">
         <name>mdio_cfg</name>
         <value>0x8353ec</value>
         <object_component_ref idref="oc-10a"/>
      </symbol>
      <symbol id="sm-665">
         <name>GE_internal_loopback_test</name>
         <value>0xc077b94</value>
         <object_component_ref idref="oc-80"/>
      </symbol>
      <symbol id="sm-666">
         <name>ALE_Entries_Init</name>
         <value>0xc077ae0</value>
         <object_component_ref idref="oc-80"/>
      </symbol>
      <symbol id="sm-667">
         <name>ethernet_mode</name>
         <value>0x838250</value>
         <object_component_ref idref="oc-66"/>
      </symbol>
      <symbol id="sm-6a8">
         <name>uiaDescriptorAccumulationList</name>
         <value>0x835040</value>
         <object_component_ref idref="oc-64"/>
      </symbol>
      <symbol id="sm-6a9">
         <name>packetBuffer_LL2_Size0</name>
         <value>0x800200</value>
         <object_component_ref idref="oc-1d8"/>
      </symbol>
      <symbol id="sm-6aa">
         <name>packetBuffer_LL2_Size1</name>
         <value>0x80c200</value>
         <object_component_ref idref="oc-1d8"/>
      </symbol>
      <symbol id="sm-6ab">
         <name>GE_Check_Free_Queues</name>
         <value>0xc07bb0c</value>
         <object_component_ref idref="oc-e5"/>
      </symbol>
      <symbol id="sm-6ac">
         <name>freeHostQueueCfgTable</name>
         <value>0x837b20</value>
         <object_component_ref idref="oc-172"/>
      </symbol>
      <symbol id="sm-6ad">
         <name>uiUsedRxFlowNum</name>
         <value>0x838260</value>
         <object_component_ref idref="oc-65"/>
      </symbol>
      <symbol id="sm-6ae">
         <name>FDQ_str</name>
         <value>0x837e50</value>
         <object_component_ref idref="oc-177"/>
      </symbol>
      <symbol id="sm-6af">
         <name>acc32_le</name>
         <value>0xc0839b0</value>
         <object_component_ref idref="oc-173"/>
      </symbol>
      <symbol id="sm-6b0">
         <name>GE_Check_Queue</name>
         <value>0xc07bab8</value>
         <object_component_ref idref="oc-e5"/>
      </symbol>
      <symbol id="sm-6b1">
         <name>GE_PktDMA_init</name>
         <value>0xc07b8a0</value>
         <object_component_ref idref="oc-e5"/>
      </symbol>
      <symbol id="sm-6b2">
         <name>uiUsedDescRegionNum</name>
         <value>0x838258</value>
         <object_component_ref idref="oc-65"/>
      </symbol>
      <symbol id="sm-6b3">
         <name>flowCfgTable</name>
         <value>0x837d58</value>
         <object_component_ref idref="oc-175"/>
      </symbol>
      <symbol id="sm-6b4">
         <name>uiAccPingPong</name>
         <value>0x838264</value>
         <object_component_ref idref="oc-65"/>
      </symbol>
      <symbol id="sm-6b5">
         <name>GE_QMSS_Accumulation_config</name>
         <value>0xc07b800</value>
         <object_component_ref idref="oc-e5"/>
      </symbol>
      <symbol id="sm-6b6">
         <name>uiInitialHostFdqNum</name>
         <value>0x83825c</value>
         <object_component_ref idref="oc-65"/>
      </symbol>
      <symbol id="sm-6b7">
         <name>packetBuffer_DDR_Size0</name>
         <value>0x82000000</value>
         <object_component_ref idref="oc-1d9"/>
      </symbol>
      <symbol id="sm-6b8">
         <name>packetBuffer_DDR_Size1</name>
         <value>0x820c0000</value>
         <object_component_ref idref="oc-1d9"/>
      </symbol>
      <symbol id="sm-6b9">
         <name>hostDescriptor_SL2</name>
         <value>0xc085800</value>
         <object_component_ref idref="oc-1d4"/>
      </symbol>
      <symbol id="sm-6ba">
         <name>packetBuffer_SL2_Size0</name>
         <value>0xc000000</value>
         <object_component_ref idref="oc-1d7"/>
      </symbol>
      <symbol id="sm-6bb">
         <name>packetBuffer_SL2_Size1</name>
         <value>0xc018000</value>
         <object_component_ref idref="oc-1d7"/>
      </symbol>
      <symbol id="sm-6bc">
         <name>acc16_le</name>
         <value>0xc083ff0</value>
         <object_component_ref idref="oc-174"/>
      </symbol>
      <symbol id="sm-6bd">
         <name>descMemRegionsCfg</name>
         <value>0x837dc8</value>
         <object_component_ref idref="oc-171"/>
      </symbol>
      <symbol id="sm-6be">
         <name>flow_str</name>
         <value>0x838010</value>
         <object_component_ref idref="oc-186"/>
      </symbol>
      <symbol id="sm-6bf">
         <name>uiAccPageSize</name>
         <value>0x838268</value>
         <object_component_ref idref="oc-65"/>
      </symbol>
      <symbol id="sm-6c0">
         <name>GE_Check_TxRx_Queues</name>
         <value>0xc07b9d0</value>
         <object_component_ref idref="oc-e5"/>
      </symbol>
      <symbol id="sm-6c1">
         <name>hostDescriptor_LL2</name>
         <value>0x836540</value>
         <object_component_ref idref="oc-1d5"/>
      </symbol>
      <symbol id="sm-6c2">
         <name>hostDescriptor_DDR</name>
         <value>0x82340000</value>
         <object_component_ref idref="oc-1d6"/>
      </symbol>
      <symbol id="sm-6f6">
         <name>CIC_Regs</name>
         <value>0x83826c</value>
         <object_component_ref idref="oc-67"/>
      </symbol>
      <symbol id="sm-6f7">
         <name>GE_Message_ISR</name>
         <value>0xc079580</value>
         <object_component_ref idref="oc-2a"/>
      </symbol>
      <symbol id="sm-6f8">
         <name>GE_INT_TSCL</name>
         <value>0x838238</value>
         <object_component_ref idref="oc-63"/>
      </symbol>
      <symbol id="sm-6f9">
         <name>PHY_Link_State_Update</name>
         <value>0xc07ca6c</value>
         <object_component_ref idref="oc-6a"/>
      </symbol>
      <symbol id="sm-6fa">
         <name>parserRxPacket</name>
         <value>0xc07c900</value>
         <object_component_ref idref="oc-6a"/>
      </symbol>
      <symbol id="sm-6fb">
         <name>uiGE_MISC_MDIO_INT_num</name>
         <value>0x838234</value>
         <object_component_ref idref="oc-63"/>
      </symbol>
      <symbol id="sm-6fc">
         <name>GE_RX_packet_cnt</name>
         <value>0x83823c</value>
         <object_component_ref idref="oc-63"/>
      </symbol>
      <symbol id="sm-6fd">
         <name>GE_Interrupts_Init</name>
         <value>0xc07cb54</value>
         <object_component_ref idref="oc-6a"/>
      </symbol>
      <symbol id="sm-6fe">
         <name>GE_MISC_MDIO_ISR</name>
         <value>0xc07981c</value>
         <object_component_ref idref="oc-2a"/>
      </symbol>
      <symbol id="sm-726">
         <name>test_2DSP_cfg</name>
         <value>0x838028</value>
         <object_component_ref idref="oc-187"/>
      </symbol>
      <symbol id="sm-727">
         <name>Get_TX_Good_Frames</name>
         <value>0xc079c20</value>
         <object_component_ref idref="oc-112"/>
      </symbol>
      <symbol id="sm-728">
         <name>GE_2DSP_Test</name>
         <value>0xc079c38</value>
         <object_component_ref idref="oc-112"/>
      </symbol>
      <symbol id="sm-729">
         <name>TxDescriptorTempBuffer</name>
         <value>0x834200</value>
         <object_component_ref idref="oc-189"/>
      </symbol>
      <symbol id="sm-744">
         <name>_c_int00</name>
         <value>0xc0812c0</value>
         <object_component_ref idref="oc-17"/>
      </symbol>
      <symbol id="sm-745">
         <name>_stack</name>
         <value>0x835520</value>
         <object_component_ref idref="oc-2b"/>
      </symbol>
      <symbol id="sm-75e">
         <name>__TI_decompress_none</name>
         <value>0xc0818a0</value>
         <object_component_ref idref="oc-1b"/>
      </symbol>
      <symbol id="sm-77f">
         <name>__TI_decompress_rle24</name>
         <value>0xc0818c0</value>
         <object_component_ref idref="oc-23"/>
      </symbol>
      <symbol id="sm-78f">
         <name>__TI_zero_init</name>
         <value>0xc080100</value>
         <object_component_ref idref="oc-1f"/>
      </symbol>
      <symbol id="sm-7a2">
         <name>__c6xabi_divd</name>
         <value>0xc07a280</value>
         <object_component_ref idref="oc-18c"/>
      </symbol>
      <symbol id="sm-7af">
         <name>__c6xabi_divf</name>
         <value>0xc07d520</value>
         <object_component_ref idref="oc-d4"/>
      </symbol>
      <symbol id="sm-7b7">
         <name>__c6xabi_divu</name>
         <value>0xc0806c0</value>
         <object_component_ref idref="oc-dc"/>
      </symbol>
      <symbol id="sm-7b8">
         <name>__divu</name>
         <value>0xc0806c0</value>
         <object_component_ref idref="oc-dc"/>
      </symbol>
      <symbol id="sm-7d7">
         <name>C$$EXIT</name>
         <value>0xc081880</value>
         <object_component_ref idref="oc-89"/>
      </symbol>
      <symbol id="sm-7d8">
         <name>_dtors_ptr</name>
         <value>0x838098</value>
         <object_component_ref idref="oc-87"/>
      </symbol>
      <symbol id="sm-7d9">
         <name>abort</name>
         <value>0xc081880</value>
         <object_component_ref idref="oc-89"/>
      </symbol>
      <symbol id="sm-7da">
         <name>_cleanup_ptr</name>
         <value>0x838094</value>
         <object_component_ref idref="oc-87"/>
      </symbol>
      <symbol id="sm-7db">
         <name>exit</name>
         <value>0xc080840</value>
         <object_component_ref idref="oc-37"/>
      </symbol>
      <symbol id="sm-7dc">
         <name>__TI_enable_exit_profile_output</name>
         <value>0x83809c</value>
         <object_component_ref idref="oc-87"/>
      </symbol>
      <symbol id="sm-7e6">
         <name>__c6xabi_fixdu</name>
         <value>0xc081140</value>
         <object_component_ref idref="oc-190"/>
      </symbol>
      <symbol id="sm-7f0">
         <name>__c6xabi_fixfu</name>
         <value>0xc0811c0</value>
         <object_component_ref idref="oc-d8"/>
      </symbol>
      <symbol id="sm-825">
         <name>puts</name>
         <value>0xc0817c0</value>
         <object_component_ref idref="oc-5d"/>
      </symbol>
      <symbol id="sm-826">
         <name>fputs</name>
         <value>0xc07c560</value>
         <object_component_ref idref="oc-b6"/>
      </symbol>
      <symbol id="sm-82d">
         <name>__c6xabi_frcmpyd_div</name>
         <value>0xc0814a0</value>
         <object_component_ref idref="oc-1de"/>
      </symbol>
      <symbol id="sm-840">
         <name>_subcull</name>
         <value>0xc081560</value>
         <object_component_ref idref="oc-162"/>
      </symbol>
      <symbol id="sm-841">
         <name>__c6xabi_divull</name>
         <value>0xc07dca0</value>
         <object_component_ref idref="oc-cc"/>
      </symbol>
      <symbol id="sm-857">
         <name>__c6xabi_llshru</name>
         <value>0xc081500</value>
         <object_component_ref idref="oc-166"/>
      </symbol>
      <symbol id="sm-858">
         <name>__c6xabi_llshl</name>
         <value>0xc081240</value>
         <object_component_ref idref="oc-15e"/>
      </symbol>
      <symbol id="sm-8b1">
         <name>lseek</name>
         <value>0xc080e20</value>
         <object_component_ref idref="oc-21c"/>
      </symbol>
      <symbol id="sm-8b2">
         <name>write</name>
         <value>0xc0810a0</value>
         <object_component_ref idref="oc-152"/>
      </symbol>
      <symbol id="sm-8b3">
         <name>close</name>
         <value>0xc080020</value>
         <object_component_ref idref="oc-2be"/>
      </symbol>
      <symbol id="sm-8b4">
         <name>unlink</name>
         <value>0xc0813c0</value>
         <object_component_ref idref="oc-2c2"/>
      </symbol>
      <symbol id="sm-8bb">
         <name>memcpy</name>
         <value>0xc080ec0</value>
         <object_component_ref idref="oc-3c"/>
      </symbol>
      <symbol id="sm-8c6">
         <name>memset</name>
         <value>0xc0802c0</value>
         <object_component_ref idref="oc-e1"/>
      </symbol>
      <symbol id="sm-8d2">
         <name>__c6xabi_negll</name>
         <value>0xc081800</value>
         <object_component_ref idref="oc-205"/>
      </symbol>
      <symbol id="sm-8ed">
         <name>printf</name>
         <value>0xc0803a0</value>
         <object_component_ref idref="oc-59"/>
      </symbol>
      <symbol id="sm-8f4">
         <name>__c6xabi_strasgi_64plus</name>
         <value>0xc081740</value>
         <object_component_ref idref="oc-d0"/>
      </symbol>
      <symbol id="sm-8f5">
         <name>__strasgi_64plus</name>
         <value>0xc081740</value>
         <object_component_ref idref="oc-d0"/>
      </symbol>
      <symbol id="sm-932">
         <name>HOSTrename</name>
         <value>0xc07ed60</value>
         <object_component_ref idref="oc-2a4"/>
      </symbol>
      <symbol id="sm-933">
         <name>HOSTclose</name>
         <value>0xc0809c0</value>
         <object_component_ref idref="oc-290"/>
      </symbol>
      <symbol id="sm-934">
         <name>HOSTunlink</name>
         <value>0xc080540</value>
         <object_component_ref idref="oc-2a0"/>
      </symbol>
      <symbol id="sm-935">
         <name>HOSTlseek</name>
         <value>0xc07f980</value>
         <object_component_ref idref="oc-29c"/>
      </symbol>
      <symbol id="sm-936">
         <name>HOSTopen</name>
         <value>0xc07fd80</value>
         <object_component_ref idref="oc-28c"/>
      </symbol>
      <symbol id="sm-937">
         <name>HOSTwrite</name>
         <value>0xc080600</value>
         <object_component_ref idref="oc-298"/>
      </symbol>
      <symbol id="sm-938">
         <name>HOSTread</name>
         <value>0xc080480</value>
         <object_component_ref idref="oc-294"/>
      </symbol>
      <symbol id="sm-94d">
         <name>writemsg</name>
         <value>0xc081620</value>
         <object_component_ref idref="oc-2d1"/>
      </symbol>
      <symbol id="sm-94e">
         <name>C$$IO$$</name>
         <value>0xc081678</value>
         <object_component_ref idref="oc-2d1"/>
      </symbol>
      <symbol id="sm-94f">
         <name>__CIOBUF_</name>
         <value>0x838278</value>
         <object_component_ref idref="oc-2f0"/>
      </symbol>
      <symbol id="sm-950">
         <name>readmsg</name>
         <value>0xc081340</value>
         <object_component_ref idref="oc-2d5"/>
      </symbol>
      <symbol id="sm-95f">
         <name>_wrt_ok</name>
         <value>0xc07fb80</value>
         <object_component_ref idref="oc-14a"/>
      </symbol>
      <symbol id="sm-96d">
         <name>_nop</name>
         <value>0xc081820</value>
         <object_component_ref idref="oc-11c"/>
      </symbol>
      <symbol id="sm-96e">
         <name>_lock</name>
         <value>0x838108</value>
         <object_component_ref idref="oc-a3"/>
      </symbol>
      <symbol id="sm-96f">
         <name>_unlock</name>
         <value>0x83810c</value>
         <object_component_ref idref="oc-a3"/>
      </symbol>
      <symbol id="sm-ab5">
         <name>_printfi</name>
         <value>0xc07bca0</value>
         <object_component_ref idref="oc-af"/>
      </symbol>
      <symbol id="sm-abd">
         <name>_args_main</name>
         <value>0xc081780</value>
         <object_component_ref idref="oc-33"/>
      </symbol>
      <symbol id="sm-acb">
         <name>atoi</name>
         <value>0xc07ff40</value>
         <object_component_ref idref="oc-19f"/>
      </symbol>
      <symbol id="sm-ad7">
         <name>_auto_init_elf</name>
         <value>0xc07fa80</value>
         <object_component_ref idref="oc-2f"/>
      </symbol>
      <symbol id="sm-ae1">
         <name>__TI_cpp_init</name>
         <value>0xc081440</value>
         <object_component_ref idref="oc-7b"/>
      </symbol>
      <symbol id="sm-af6">
         <name>copy_in</name>
         <value>0xc07fc80</value>
         <object_component_ref idref="oc-73"/>
      </symbol>
      <symbol id="sm-aff">
         <name>_ctypes_</name>
         <value>0xc0854f0</value>
         <object_component_ref idref="oc-1e8"/>
      </symbol>
      <symbol id="sm-b10">
         <name>_tmpnams</name>
         <value>0x835248</value>
         <object_component_ref idref="oc-2c6"/>
      </symbol>
      <symbol id="sm-b11">
         <name>_ftable</name>
         <value>0x837940</value>
         <object_component_ref idref="oc-a5"/>
      </symbol>
      <symbol id="sm-b12">
         <name>_ft_end</name>
         <value>0x837ecc</value>
         <object_component_ref idref="oc-273"/>
      </symbol>
      <symbol id="sm-b1f">
         <name>_doflush</name>
         <value>0xc080780</value>
         <object_component_ref idref="oc-14e"/>
      </symbol>
      <symbol id="sm-b3a">
         <name>fputc</name>
         <value>0xc07e580</value>
         <object_component_ref idref="oc-127"/>
      </symbol>
      <symbol id="sm-b4b">
         <name>fseek</name>
         <value>0xc07f860</value>
         <object_component_ref idref="oc-1bb"/>
      </symbol>
      <symbol id="sm-b54">
         <name>__c6xabi_divul</name>
         <value>0xc07ef00</value>
         <object_component_ref idref="oc-2b7"/>
      </symbol>
      <symbol id="sm-b5b">
         <name>__c6xabi_isinf</name>
         <value>0xc0816c0</value>
         <object_component_ref idref="oc-1f0"/>
      </symbol>
      <symbol id="sm-b65">
         <name>ltoa</name>
         <value>0xc0801e0</value>
         <object_component_ref idref="oc-2ae"/>
      </symbol>
      <symbol id="sm-b72">
         <name>memccpy</name>
         <value>0xc0815c0</value>
         <object_component_ref idref="oc-1ac"/>
      </symbol>
      <symbol id="sm-b88">
         <name>setvbuf</name>
         <value>0xc07e9a0</value>
         <object_component_ref idref="oc-1bf"/>
      </symbol>
      <symbol id="sm-b95">
         <name>__TI_tls_init</name>
         <value>0xc080900</value>
         <object_component_ref idref="oc-77"/>
      </symbol>
      <symbol id="sm-ba1">
         <name>_cleanup</name>
         <value>0xc080a60</value>
         <object_component_ref idref="oc-222"/>
      </symbol>
      <symbol id="sm-bf2">
         <name>_sys_memory</name>
         <value>0x837140</value>
         <object_component_ref idref="oc-2d"/>
      </symbol>
      <symbol id="sm-bf3">
         <name>free</name>
         <value>0xc07da20</value>
         <object_component_ref idref="oc-226"/>
      </symbol>
      <symbol id="sm-bf4">
         <name>malloc</name>
         <value>0xc07f220</value>
         <object_component_ref idref="oc-22a"/>
      </symbol>
      <symbol id="sm-bf5">
         <name>_minit</name>
         <value>0xc080c40</value>
         <object_component_ref idref="oc-285"/>
      </symbol>
      <symbol id="sm-c07">
         <name>_closefile</name>
         <value>0xc07f620</value>
         <object_component_ref idref="oc-275"/>
      </symbol>
      <symbol id="sm-c09">
         <name>__TI_STATIC_BASE</name>
         <value>0x838114</value>
      </symbol>
      <symbol id="sm-c0a">
         <name>__TI_args_main</name>
         <value>0x1</value>
      </symbol>
      <symbol id="sm-c0b">
         <name>__TI_INITARRAY_Base</name>
         <value>0x0</value>
      </symbol>
      <symbol id="sm-c0c">
         <name>__TI_INITARRAY_Limit</name>
         <value>0x0</value>
      </symbol>
      <symbol id="sm-c0d">
         <name>__TI_TLS_INIT_Base</name>
         <value>0x0</value>
      </symbol>
      <symbol id="sm-c0e">
         <name>__TI_TLS_INIT_Limit</name>
         <value>0x0</value>
      </symbol>
      <symbol id="sm-c11">
         <name>remove</name>
         <value>0xc0813c0</value>
      </symbol>
   </symbol_table>
</link_info>
